[0m19:01:20.827271 [debug] [MainThread]: Sending event: {'category': 'dbt', 'action': 'invocation', 'label': 'start', 'context': [<snowplow_tracker.self_describing_json.SelfDescribingJson object at 0x7a583ef87160>, <snowplow_tracker.self_describing_json.SelfDescribingJson object at 0x7a583d795330>, <snowplow_tracker.self_describing_json.SelfDescribingJson object at 0x7a583d7952d0>]}


============================== 19:01:20.831955 | bdfdac7f-87ce-4280-855a-bf0712427589 ==============================
[0m19:01:20.831955 [info ] [MainThread]: Running with dbt=1.12.0
[0m19:01:20.832940 [debug] [MainThread]: running dbt with arguments {'static_parser': 'True', 'log_format': 'default', 'no_print': 'None', 'indirect_selection': 'eager', 'use_experimental_parser': 'False', 'maximum_seed_size_mib': '1', 'invocation_command': 'dbt init CoffeeSales', 'profiles_dir': '/home/susmita/.dbt', 'debug': 'False', 'printer_width': '80', 'write_json': 'True', 'warn_error_options': 'WarnErrorOptionsV2(error=[], warn=[], silence=[])', 'target_path': 'None', 'hints_enabled': 'True', 'use_colors': 'True', 'empty': 'None', 'fail_fast': 'False', 'cache_selected_only': 'False', 'quiet': 'False', 'version_check': 'True', 'partial_parse': 'True', 'warn_error': 'None', 'introspect': 'True', 'log_path': 'logs', 'log_cache_events': 'False', 'send_anonymous_usage_stats': 'True'}
[0m19:01:20.851535 [debug] [MainThread]: Starter project path: /home/susmita/anaconda3/envs/week2_env/lib/python3.10/site-packages/dbt/include/starter_project
[0m19:01:20.856660 [info ] [MainThread]: Setting up your profile.
[0m19:01:27.885655 [info ] [MainThread]: Running dbt debug to validate the project...
[0m19:01:27.886612 [info ] [MainThread]: dbt version: 1.12.0
[0m19:01:27.887159 [info ] [MainThread]: python version: 3.10.20
[0m19:01:27.887653 [info ] [MainThread]: python path: /home/susmita/anaconda3/envs/week2_env/bin/python3.10
[0m19:01:27.888180 [info ] [MainThread]: os info: Linux-7.0.0-28-generic-x86_64-with-glibc2.39
[0m19:01:27.967991 [info ] [MainThread]: Using profiles dir at /home/susmita/.dbt
[0m19:01:27.968536 [info ] [MainThread]: Using profiles.yml file at /home/susmita/.dbt/profiles.yml
[0m19:01:27.968911 [info ] [MainThread]: Using dbt_project.yml file at /home/susmita/Susmita/Projects/Data_Engg/Lab_Works/Mini_Assignment_Week7/CoffeeSales/dbt_project.yml
[0m19:01:27.971636 [info ] [MainThread]: adapter type: duckdb
[0m19:01:27.972167 [info ] [MainThread]: adapter version: 1.10.1
[0m19:01:28.105851 [info ] [MainThread]: Configuration:
[0m19:01:28.106393 [info ] [MainThread]:   profiles.yml file [[32mOK found and valid[0m]
[0m19:01:28.106778 [info ] [MainThread]:   dbt_project.yml file [[32mOK found and valid[0m]
[0m19:01:28.107128 [info ] [MainThread]: Required dependencies:
[0m19:01:28.107500 [debug] [MainThread]: Executing "git --help"
[0m19:01:28.112971 [debug] [MainThread]: STDOUT: "b"usage: git [-v | --version] [-h | --help] [-C <path>] [-c <name>=<value>]\n           [--exec-path[=<path>]] [--html-path] [--man-path] [--info-path]\n           [-p | --paginate | -P | --no-pager] [--no-replace-objects] [--bare]\n           [--git-dir=<path>] [--work-tree=<path>] [--namespace=<name>]\n           [--config-env=<name>=<envvar>] <command> [<args>]\n\nThese are common Git commands used in various situations:\n\nstart a working area (see also: git help tutorial)\n   clone     Clone a repository into a new directory\n   init      Create an empty Git repository or reinitialize an existing one\n\nwork on the current change (see also: git help everyday)\n   add       Add file contents to the index\n   mv        Move or rename a file, a directory, or a symlink\n   restore   Restore working tree files\n   rm        Remove files from the working tree and from the index\n\nexamine the history and state (see also: git help revisions)\n   bisect    Use binary search to find the commit that introduced a bug\n   diff      Show changes between commits, commit and working tree, etc\n   grep      Print lines matching a pattern\n   log       Show commit logs\n   show      Show various types of objects\n   status    Show the working tree status\n\ngrow, mark and tweak your common history\n   branch    List, create, or delete branches\n   commit    Record changes to the repository\n   merge     Join two or more development histories together\n   rebase    Reapply commits on top of another base tip\n   reset     Reset current HEAD to the specified state\n   switch    Switch branches\n   tag       Create, list, delete or verify a tag object signed with GPG\n\ncollaborate (see also: git help workflows)\n   fetch     Download objects and refs from another repository\n   pull      Fetch from and integrate with another repository or a local branch\n   push      Update remote refs along with associated objects\n\n'git help -a' and 'git help -g' list available subcommands and some\nconcept guides. See 'git help <command>' or 'git help <concept>'\nto read about a specific subcommand or concept.\nSee 'git help git' for an overview of the system.\n""
[0m19:01:28.113621 [debug] [MainThread]: STDERR: "b''"
[0m19:01:28.114093 [info ] [MainThread]:  - git [[32mOK found[0m]

[0m19:01:28.114559 [info ] [MainThread]: Connection:
[0m19:01:28.115028 [info ] [MainThread]:   database: dev
[0m19:01:28.115471 [info ] [MainThread]:   schema: main
[0m19:01:28.115951 [info ] [MainThread]:   path: dev.duckdb
[0m19:01:28.116389 [info ] [MainThread]:   config_options: None
[0m19:01:28.116815 [info ] [MainThread]:   extensions: None
[0m19:01:28.117245 [info ] [MainThread]:   settings: {}
[0m19:01:28.117665 [info ] [MainThread]:   external_root: .
[0m19:01:28.118088 [info ] [MainThread]:   use_credential_provider: None
[0m19:01:28.118484 [info ] [MainThread]:   attach: None
[0m19:01:28.118888 [info ] [MainThread]:   filesystems: None
[0m19:01:28.119277 [info ] [MainThread]:   remote: None
[0m19:01:28.119672 [info ] [MainThread]:   plugins: None
[0m19:01:28.120081 [info ] [MainThread]:   disable_transactions: False
[0m19:01:28.120661 [info ] [MainThread]: Registered adapter: duckdb=1.10.1
[0m19:01:28.208846 [debug] [MainThread]: Acquiring new duckdb connection 'debug'
[0m19:01:28.308054 [debug] [MainThread]: Using duckdb connection "debug"
[0m19:01:28.308674 [debug] [MainThread]: On debug: select 1 as id
[0m19:01:28.309130 [debug] [MainThread]: Opening a new connection, currently in state init
[0m19:01:28.339193 [debug] [MainThread]: SQL status: OK in 0.030 seconds
[0m19:01:28.340837 [debug] [MainThread]: On debug: Close
[0m19:01:28.341659 [info ] [MainThread]:   Connection test: [[32mOK connection ok[0m]

[0m19:01:28.342391 [info ] [MainThread]: [32mAll checks passed![0m
[0m19:01:28.343110 [info ] [MainThread]: Your new dbt project "CoffeeSales" was created!
Initialized new project in /home/susmita/Susmita/Projects/Data_Engg/Lab_Works/Mini_Assignment_Week7/CoffeeSales/CoffeeSales

For more information on how to configure the profiles.yml file,
please consult the dbt documentation here:

  https://docs.getdbt.com/docs/configure-your-profile

One more thing:

Need help? Don't hesitate to reach out to us via GitHub issues or on Slack:

  https://community.getdbt.com/

Happy modeling!

[0m19:01:28.345056 [debug] [MainThread]: Resource report: {"command_name": "init", "command_success": true, "command_wall_clock_time": 7.606851, "process_in_blocks": "160856", "process_kernel_time": 0.286948, "process_mem_max_rss": "146772", "process_out_blocks": "104", "process_user_time": 2.390903}
[0m19:01:28.345837 [debug] [MainThread]: Command `dbt init` succeeded at 19:01:28.345675 after 7.61 seconds
[0m19:01:28.346420 [debug] [MainThread]: Connection 'debug' was properly closed.
[0m19:01:28.347058 [debug] [MainThread]: Sending event: {'category': 'dbt', 'action': 'invocation', 'label': 'end', 'context': [<snowplow_tracker.self_describing_json.SelfDescribingJson object at 0x7a583ef87160>, <snowplow_tracker.self_describing_json.SelfDescribingJson object at 0x7a583ec9bac0>, <snowplow_tracker.self_describing_json.SelfDescribingJson object at 0x7a583d71f010>]}
[0m19:01:28.347699 [debug] [MainThread]: Flushing usage events
[0m19:01:29.185307 [debug] [MainThread]: An error was encountered while trying to flush usage events
